"ACCEPT",
"ACCEPT-CONTACT",
"ACCEPT-ENCODING",
"ACCEPT-LANGUAGE",
"ACCEPT-RESOURCE-PRIORITY",
"ACK",
"ALERT-INFO",
"ALLOW",
"ALLOW-EVENTS",
"AUTHENTICATION-INFO",
"AUTHORIZATION",
"BYE",
"CALL-ID",
"CALL-INFO",
"CANCEL",
"CONTACT",
"CONTENT-DISPOSITION",
"CONTENT-ENCODING",
"CONTENT-LANGUAGE",
"CONTENT-LENGTH",
"CONTENT-TYPE",
"CSEQ",
"DATE",
"ERROR-INFO",
"EVENT",
"EXPIRES",
"FROM",
"HISTORY-INFO",
"IDENTITY",
"IDENTITY-INFO",
"IN-REPLY-TO",
"INFO",
"INVITE",
"JOIN",
"MAX-FORWARDS",
"MESSAGE",
"MIME-VERSION",
"MIN-EXPIRES",
"MIN-SE",
"NOTIFY",
"OPTION",
"ORGANIZATION",
"P-ACCESS-NETWORK-INFO",
"P-ASSERTED-IDENTITY",
"P-ASSOCIATED-URI",
"P-CALLED-PARTY-ID",
"P-CHARGING-FUNCTION-ADDRESSES",
"P-CHARGING-VECTOR",
"P-DCS-BILLING-INFO",
"P-DCS-LAES",
"P-DCS-OSPS",
"P-DCS-REDIRECT",
"P-DCS-TRACE-PARTY-ID",
"P-MEDIA-AUTHORIZATION",
"P-PREFERRED-IDENTITY",
"P-VISITED-NETWORK-ID",
"PATH",
"PRIORITY",
"PRIVACY",
"PROXY-AUTHENTICATE",
"PROXY-AUTHORIZATION",
"PROXY-REQUIRE",
"PUBLISH",
"RACK",
"REASON",
"RECORD-ROUTE",
"REFER",
"REFER-SUB",
"REFER-TO",
"REFERRED-BY",
"REGISTER",
"REJECT-CONTACT",
"REPLACES",
"REPLY-TO",
"REQUEST-DISPOSITION",
"REQUIRE",
"RESOURCE-PRIORITY",
"RETRY-AFTER",
"ROUTE",
"RSEQ",
"SECURITY-CLIENT",
"SECURITY-SERVER",
"SECURITY-VERIFY",
"SERVER",
"SERVICE-ROUTE",
"SESSION-EXPIRES",
"SIP-ETAG",
"SIP-IF-MATCH",
"SIP/2.0#",
"SIP/2.0$",
"SUBJECT",
"SUBSCRIPTION-STATE",
"SUPPORTED",
"SUSCRIBE",
"TARGET-DIALOG",
"TIMESTAMP",
"TO",
"UNSUPPORTED",
"UPDATE",
"USER-AGENT",
"VIA",
"WARNING",
"WWW-AUTHENTICATE",
